2025-01-10 11:16:26,298 - INFO - Encrypting password...
2025-01-10 11:16:26,298 - INFO - Generating key in SHA256
2025-01-10 11:17:51,688 - INFO - Retrieving clear password
2025-01-10 11:17:51,690 - INFO - Generating key in SHA256
2025-01-10 11:20:30,872 - INFO - Retrieving clear password
2025-01-10 11:20:30,873 - INFO - Generating key in SHA256
2025-01-10 14:22:00,497 - INFO - Retrieving clear password
2025-01-10 14:22:00,498 - INFO - Generating key in SHA256
2025-01-10 14:45:56,376 - INFO - Retrieving clear password
2025-01-10 14:45:56,377 - INFO - Generating key in SHA256
2025-01-10 14:49:51,656 - INFO - Cleaned entry
2025-01-10 14:55:21,189 - INFO - Logo loaded successfully
2025-01-10 15:55:06,263 - INFO - Cleaned entry
2025-01-10 15:55:34,657 - INFO - Cleaned entry
2025-01-10 17:12:31,125 - INFO - Cleaned entry
2025-01-10 17:14:37,638 - INFO - Cleaned entry
2025-01-13 19:59:04,345 - INFO - Cleaned entry
2025-01-13 20:01:27,105 - INFO - Retrieving clear password
2025-01-13 20:01:27,105 - INFO - Generating key in SHA256
2025-01-13 20:01:30,319 - INFO - Cleaned entry
2025-02-26 12:22:03,882 - INFO - Cleaned entry
2025-02-26 12:34:08,935 - INFO - Encrypting password...
2025-02-26 12:34:08,937 - INFO - Generating key in SHA256
2025-02-26 12:35:45,282 - INFO - Encrypting password...
2025-02-26 12:35:45,283 - INFO - Generating key in SHA256
2025-02-26 12:36:32,820 - INFO - Encrypting password...
2025-02-26 12:36:32,821 - INFO - Generating key in SHA256
2025-02-26 12:40:56,171 - INFO - Encrypting password...
2025-02-26 12:40:56,171 - INFO - Generating key in SHA256
2025-02-26 12:41:32,708 - INFO - Encrypting password...
2025-02-26 12:41:32,709 - INFO - Generating key in SHA256
2025-02-26 12:56:44,964 - INFO - Encrypting password...
2025-02-26 12:56:44,965 - INFO - Generating key in SHA256
2025-02-26 12:56:44,967 - INFO - No existing data found, creating new file
2025-02-26 12:57:22,868 - INFO - Encrypting password...
2025-02-26 12:57:22,868 - INFO - Generating key in SHA256
2025-02-26 12:57:22,869 - INFO - No existing data found, creating new file
2025-02-26 12:58:48,751 - INFO - Encrypting password...
2025-02-26 12:58:48,752 - INFO - Generating key in SHA256
2025-02-26 12:58:48,753 - INFO - No existing data found, creating new file
2025-02-26 12:58:48,754 - INFO - New file created
2025-02-26 12:59:10,864 - INFO - Retrieving clear password
2025-02-26 12:59:10,865 - INFO - Generating key in SHA256
2025-02-26 13:00:09,454 - INFO - Retrieving clear password
2025-02-26 13:00:09,454 - INFO - Generating key in SHA256
2025-02-26 13:00:27,506 - INFO - Cleaned entry
2026-02-19 23:08:24,540 - INFO - Retrieving clear password
2026-02-19 23:08:24,542 - INFO - Generating key in SHA256
2026-02-19 23:08:49,817 - INFO - Encrypting password...
2026-02-19 23:08:49,817 - INFO - Generating key in SHA256
2026-02-19 23:08:49,819 - INFO - Cleaned entry
2026-02-19 23:10:05,420 - INFO - Cleaned entry
2026-02-19 23:10:12,478 - INFO - Cleaned entry
